{
  "version": "1.5.0",
  "plugins_used": [
    {
      "name": "ArtifactoryDetector"
    },
    {
      "name": "AWSKeyDetector"
    },
    {
      "name": "AzureStorageKeyDetector"
    },
    {
      "name": "Base64HighEntropyString",
      "limit": 4.5
    },
    {
      "name": "BasicAuthDetector"
    },
    {
      "name": "CloudantDetector"
    },
    {
      "name": "DiscordBotTokenDetector"
    },
    {
      "name": "GitHubTokenDetector"
    },
    {
      "name": "GitLabTokenDetector"
    },
    {
      "name": "HexHighEntropyString",
      "limit": 3.0
    },
    {
      "name": "IbmCloudIamDetector"
    },
    {
      "name": "IbmCosHmacDetector"
    },
    {
      "name": "IPPublicDetector"
    },
    {
      "name": "JwtTokenDetector"
    },
    {
      "name": "KeywordDetector",
      "keyword_exclude": ""
    },
    {
      "name": "MailchimpDetector"
    },
    {
      "name": "NpmDetector"
    },
    {
      "name": "OpenAIDetector"
    },
    {
      "name": "PrivateKeyDetector"
    },
    {
      "name": "PypiTokenDetector"
    },
    {
      "name": "SendGridDetector"
    },
    {
      "name": "SlackDetector"
    },
    {
      "name": "SoftlayerDetector"
    },
    {
      "name": "SquareOAuthDetector"
    },
    {
      "name": "StripeDetector"
    },
    {
      "name": "TelegramBotTokenDetector"
    },
    {
      "name": "TwilioKeyDetector"
    }
  ],
  "filters_used": [
    {
      "path": "detect_secrets.filters.allowlist.is_line_allowlisted"
    },
    {
      "path": "detect_secrets.filters.common.is_ignored_due_to_verification_policies",
      "min_level": 2
    },
    {
      "path": "detect_secrets.filters.heuristic.is_indirect_reference"
    },
    {
      "path": "detect_secrets.filters.heuristic.is_likely_id_string"
    },
    {
      "path": "detect_secrets.filters.heuristic.is_lock_file"
    },
    {
      "path": "detect_secrets.filters.heuristic.is_not_alphanumeric_string"
    },
    {
      "path": "detect_secrets.filters.heuristic.is_potential_uuid"
    },
    {
      "path": "detect_secrets.filters.heuristic.is_prefixed_with_dollar_sign"
    },
    {
      "path": "detect_secrets.filters.heuristic.is_sequential_string"
    },
    {
      "path": "detect_secrets.filters.heuristic.is_swagger_file"
    },
    {
      "path": "detect_secrets.filters.heuristic.is_templated_secret"
    }
  ],
  "results": {
    ".github\\workflows\\backend.yml": [
      {
        "type": "Secret Keyword",
        "filename": ".github\\workflows\\backend.yml",
        "hashed_secret": "1b8782ad85c4df8f8f46dfd58cb5c194f2d53f47",
        "is_verified": false,
        "line_number": 28,
        "is_secret": false
      }
    ],
    "backend\\README.md": [
      {
        "type": "Secret Keyword",
        "filename": "backend\\README.md",
        "hashed_secret": "752e87cfdb3de85645329309aad9cad7027e9cc5",
        "is_verified": false,
        "line_number": 37,
        "is_secret": false
      }
    ],
    "backend\\accounts\\serializers.py": [
      {
        "type": "Secret Keyword",
        "filename": "backend\\accounts\\serializers.py",
        "hashed_secret": "5073f05620fa37b0c24510c02179d17a464683af",
        "is_verified": false,
        "line_number": 48,
        "is_secret": false
      },
      {
        "type": "Secret Keyword",
        "filename": "backend\\accounts\\serializers.py",
        "hashed_secret": "99234bc23431a0935499b2ff12e249fbde4bfa08",
        "is_verified": false,
        "line_number": 57,
        "is_secret": false
      }
    ],
    "backend\\accounts\\tests.py": [
      {
        "type": "Secret Keyword",
        "filename": "backend\\accounts\\tests.py",
        "hashed_secret": "b3740ec6a5e3c24693eae0afab4044702f2843a2",
        "is_verified": false,
        "line_number": 34,
        "is_secret": false
      },
      {
        "type": "Secret Keyword",
        "filename": "backend\\accounts\\tests.py",
        "hashed_secret": "a39bc36627581d04e1bb817634862c8337f85269",
        "is_verified": false,
        "line_number": 35,
        "is_secret": false
      },
      {
        "type": "Secret Keyword",
        "filename": "backend\\accounts\\tests.py",
        "hashed_secret": "f3319634978efd9ae39d8561d77128ab62617e44",
        "is_verified": false,
        "line_number": 496,
        "is_secret": false
      },
      {
        "type": "Secret Keyword",
        "filename": "backend\\accounts\\tests.py",
        "hashed_secret": "5baa61e4c9b93f3f0682250b6cf8331b7ee68fd8",
        "is_verified": false,
        "line_number": 1248,
        "is_secret": false
      },
      {
        "type": "Secret Keyword",
        "filename": "backend\\accounts\\tests.py",
        "hashed_secret": "f26c998cc7f3a5cf5d19c9e9bb92b3a30c7d51ea",
        "is_verified": false,
        "line_number": 1289,
        "is_secret": false
      },
      {
        "type": "Secret Keyword",
        "filename": "backend\\accounts\\tests.py",
        "hashed_secret": "052da94a6343dacf76068ae52e8f60afef31507e",
        "is_verified": false,
        "line_number": 1385,
        "is_secret": false
      }
    ],
    "backend\\misc\\ScrapingQQAlerts.ipynb": [
      {
        "type": "Hex High Entropy String",
        "filename": "backend\\misc\\ScrapingQQAlerts.ipynb",
        "hashed_secret": "2c4bf20e3e76ce6c2cb15ac6f65eee07f091f9f0",
        "is_verified": false,
        "line_number": 92,
        "is_secret": false
      },
      {
        "type": "Hex High Entropy String",
        "filename": "backend\\misc\\ScrapingQQAlerts.ipynb",
        "hashed_secret": "14fb84d0f785aa59448e3278c4b5e94c776ccc27",
        "is_verified": false,
        "line_number": 410,
        "is_secret": false
      }
    ],
    "backend\\monitoring\\tests\\skkitterdoc-threadmarks.html": [
      {
        "type": "Hex High Entropy String",
        "filename": "backend\\monitoring\\tests\\skkitterdoc-threadmarks.html",
        "hashed_secret": "c2d9999d89947cd1e06429567b22839eb770a635",
        "is_verified": false,
        "line_number": 34,
        "is_secret": false
      },
      {
        "type": "Hex High Entropy String",
        "filename": "backend\\monitoring\\tests\\skkitterdoc-threadmarks.html",
        "hashed_secret": "c1893edb8ef4fa411325aea317474552ffd8cc44",
        "is_verified": false,
        "line_number": 48,
        "is_secret": false
      },
      {
        "type": "Hex High Entropy String",
        "filename": "backend\\monitoring\\tests\\skkitterdoc-threadmarks.html",
        "hashed_secret": "a343a2cffeb5768c8858fe080863646ba51c7059",
        "is_verified": false,
        "line_number": 353,
        "is_secret": false
      },
      {
        "type": "Hex High Entropy String",
        "filename": "backend\\monitoring\\tests\\skkitterdoc-threadmarks.html",
        "hashed_secret": "ce758e79e36315ad8cbd52a3a91a45d9a6c91801",
        "is_verified": false,
        "line_number": 1766,
        "is_secret": false
      },
      {
        "type": "Base64 High Entropy String",
        "filename": "backend\\monitoring\\tests\\skkitterdoc-threadmarks.html",
        "hashed_secret": "43aeaf1a33b5714fe2564990cf479cb206cfeb61",
        "is_verified": false,
        "line_number": 1821,
        "is_secret": false
      },
      {
        "type": "Hex High Entropy String",
        "filename": "backend\\monitoring\\tests\\skkitterdoc-threadmarks.html",
        "hashed_secret": "8d8d634c4a187b78a1346401ebbffa53aba06bd2",
        "is_verified": false,
        "line_number": 1836,
        "is_secret": false
      },
      {
        "type": "Base64 High Entropy String",
        "filename": "backend\\monitoring\\tests\\skkitterdoc-threadmarks.html",
        "hashed_secret": "98a3c4ca09f5a3a095af6de79562b3c9ea646c5c",
        "is_verified": false,
        "line_number": 1973,
        "is_secret": false
      },
      {
        "type": "Hex High Entropy String",
        "filename": "backend\\monitoring\\tests\\skkitterdoc-threadmarks.html",
        "hashed_secret": "a22ea5457cf91d3dffd1bc2cfd385bdd3ba3b093",
        "is_verified": false,
        "line_number": 1973,
        "is_secret": false
      },
      {
        "type": "Hex High Entropy String",
        "filename": "backend\\monitoring\\tests\\skkitterdoc-threadmarks.html",
        "hashed_secret": "ca35abe75c239aba8885cfcdd0fece04f1fb700d",
        "is_verified": false,
        "line_number": 1973,
        "is_secret": false
      }
    ],
    "backend\\monitoring\\tests\\skkitterdoc.html": [
      {
        "type": "Hex High Entropy String",
        "filename": "backend\\monitoring\\tests\\skkitterdoc.html",
        "hashed_secret": "c2d9999d89947cd1e06429567b22839eb770a635",
        "is_verified": false,
        "line_number": 39,
        "is_secret": false
      },
      {
        "type": "Hex High Entropy String",
        "filename": "backend\\monitoring\\tests\\skkitterdoc.html",
        "hashed_secret": "c1893edb8ef4fa411325aea317474552ffd8cc44",
        "is_verified": false,
        "line_number": 53,
        "is_secret": false
      },
      {
        "type": "Hex High Entropy String",
        "filename": "backend\\monitoring\\tests\\skkitterdoc.html",
        "hashed_secret": "a343a2cffeb5768c8858fe080863646ba51c7059",
        "is_verified": false,
        "line_number": 366,
        "is_secret": false
      },
      {
        "type": "Hex High Entropy String",
        "filename": "backend\\monitoring\\tests\\skkitterdoc.html",
        "hashed_secret": "7424b8ec254d47c137a6c374f2a8ead9e67a1de6",
        "is_verified": false,
        "line_number": 1470,
        "is_secret": false
      },
      {
        "type": "Hex High Entropy String",
        "filename": "backend\\monitoring\\tests\\skkitterdoc.html",
        "hashed_secret": "ce758e79e36315ad8cbd52a3a91a45d9a6c91801",
        "is_verified": false,
        "line_number": 5265,
        "is_secret": false
      },
      {
        "type": "Base64 High Entropy String",
        "filename": "backend\\monitoring\\tests\\skkitterdoc.html",
        "hashed_secret": "43aeaf1a33b5714fe2564990cf479cb206cfeb61",
        "is_verified": false,
        "line_number": 5346,
        "is_secret": false
      },
      {
        "type": "Hex High Entropy String",
        "filename": "backend\\monitoring\\tests\\skkitterdoc.html",
        "hashed_secret": "8d8d634c4a187b78a1346401ebbffa53aba06bd2",
        "is_verified": false,
        "line_number": 5361,
        "is_secret": false
      },
      {
        "type": "Hex High Entropy String",
        "filename": "backend\\monitoring\\tests\\skkitterdoc.html",
        "hashed_secret": "74ba1bc0b64305feea09512b9fab0e578a1f5f32",
        "is_verified": false,
        "line_number": 5532,
        "is_secret": false
      },
      {
        "type": "Base64 High Entropy String",
        "filename": "backend\\monitoring\\tests\\skkitterdoc.html",
        "hashed_secret": "98a3c4ca09f5a3a095af6de79562b3c9ea646c5c",
        "is_verified": false,
        "line_number": 5532,
        "is_secret": false
      },
      {
        "type": "Hex High Entropy String",
        "filename": "backend\\monitoring\\tests\\skkitterdoc.html",
        "hashed_secret": "ca35abe75c239aba8885cfcdd0fece04f1fb700d",
        "is_verified": false,
        "line_number": 5532,
        "is_secret": false
      }
    ],
    "backend\\notif\\settings_base.py": [
      {
        "type": "Secret Keyword",
        "filename": "backend\\notif\\settings_base.py",
        "hashed_secret": "863f9d336722e0fa7c9f2dda90adcd61d2a00ef6",
        "is_verified": false,
        "line_number": 199,
        "is_secret": false
      },
      {
        "type": "Secret Keyword",
        "filename": "backend\\notif\\settings_base.py",
        "hashed_secret": "9766ea57e1f5ab32bfacae19b5fc32a5c0f29db9",
        "is_verified": false,
        "line_number": 200,
        "is_secret": false
      }
    ],
    "backend\\test_openapi_conformance.py": [
      {
        "type": "Secret Keyword",
        "filename": "backend\\test_openapi_conformance.py",
        "hashed_secret": "8493c49bbc837b6884085351b2b14c0d8104034c",
        "is_verified": false,
        "line_number": 71,
        "is_secret": false
      }
    ],
    "deploy.md": [
      {
        "type": "Secret Keyword",
        "filename": "deploy.md",
        "hashed_secret": "abf7aad6438836dbe526aa231abde2d0eef74d42",
        "is_verified": false,
        "line_number": 470,
        "is_secret": false
      }
    ],
    "frontend\\ios\\Runner.xcodeproj\\xcshareddata\\xcschemes\\Runner.xcscheme": [
      {
        "type": "Hex High Entropy String",
        "filename": "frontend\\ios\\Runner.xcodeproj\\xcshareddata\\xcschemes\\Runner.xcscheme",
        "hashed_secret": "2b423f610b8fbcbec67aa344b423212b034d7a9d",
        "is_verified": false,
        "line_number": 17,
        "is_secret": false
      },
      {
        "type": "Hex High Entropy String",
        "filename": "frontend\\ios\\Runner.xcodeproj\\xcshareddata\\xcschemes\\Runner.xcscheme",
        "hashed_secret": "1dafb929f50242c553cb0555c2ea755b85516e69",
        "is_verified": false,
        "line_number": 45,
        "is_secret": false
      }
    ],
    "frontend\\lib\\screens\\account.dart": [
      {
        "type": "Secret Keyword",
        "filename": "frontend\\lib\\screens\\account.dart",
        "hashed_secret": "90ab8be8d4cb56c48d5e68f38ee7fd040fadde23",
        "is_verified": false,
        "line_number": 136,
        "is_secret": false
      }
    ],
    "frontend\\macos\\Runner.xcodeproj\\xcshareddata\\xcschemes\\Runner.xcscheme": [
      {
        "type": "Hex High Entropy String",
        "filename": "frontend\\macos\\Runner.xcodeproj\\xcshareddata\\xcschemes\\Runner.xcscheme",
        "hashed_secret": "6d752e6f6971f2eb8bed637eef89a39eca0b638b",
        "is_verified": false,
        "line_number": 45,
        "is_secret": false
      }
    ]
  },
  "generated_at": "2026-08-09T18:22:10Z"
}
